****************************************
Report : congestion
Design : mma
Version: W-2024.09-SP1
****************************************

Layer     |    overflow     |              # GRCs has
Name      |  total  |  max  | overflow (%)      | max overflow
---------------------------------------------------------------
Both Dirs |       0 |     0 |       0  ( 0.00%) |       0
H routing |       0 |     0 |       0  ( 0.00%) |       0
V routing |       0 |     0 |       0  ( 0.00%) |       0

 Info: Initializing timer in CLOCK_SYN_REPORT_MODE
Information: The value of option cts.compile.enable_cell_relocation has been overridden to "leaf_only" to support latency-driven placement. (CTS-973)
****************************************
Report : clock qor
        -type summary
Design : mma
Version: W-2024.09-SP1
****************************************

Attributes
===========
M Master Clock
G Generated Clock
& Internal Generated Clock
U User Defined Skew Group
D Default Skew Group
* Generated Clock Balanced Separately

==========================================
==== Summary Reporting for Corner nom ====
==========================================

============================================================= Summary Table for Corner nom =============================================================
Clock /                               Attrs     Sinks Levels    Clock     Clock     Clock       Max    Global  Trans DRC  Cap DRC      Wire
Skew Group                                                   Repeater  Repeater   Stdcell   Latency      Skew     Count     Count    Length
                                                                Count      Area      Area
--------------------------------------------------------------------------------------------------------------------------------------------------------
### Mode: func, Scenario: func.nom
Clock                                   M,D        73      1        0      0.00      0.00      0.01      0.01         0         0    409.09
--------------------------------------------------------------------------------------------------------------------------------------------------------
All Clocks                                         73      1        0      0.00      0.00      0.01      0.01         0         0    409.09


Warning: Please use -largest / -smallest / -all switches with -show_verbose_paths / -show_paths to report the clock paths. (CTS-956)
1
