****************************************
Report : power
        -significant_digits 2
Design : mma
Version: W-2024.09-SP1
****************************************
Information: Activity for scenario func.nom was cached, no propagation required. (POW-005)
Mode: func
Corner: nom
Scenario: func.nom
Voltage: 0.75
Temperature: 125.00

Voltage Unit         : 1V
Capacitance Unit     : 1fF
Time Unit            : 1ns
Temperature Unit     : 1C
Dynamic Power Unit   : 1pW
Leakage Power Unit   : 1pW

Switched supply net power scaling:
scaling for leakage power

Supply nets:
VDD (power) probability 1.00 (default)
VSS (ground) probability 1.00 (default)
Warning: While computing leakage for instance 'xofiller!SHFILL1_RVT!x214160y116880', mismatches in operating condition settings have been found in the design. (POW-039)
Warning: While computing leakage for instance 'xofiller!SHFILL1_RVT!x354000y334240', mismatches in operating condition settings have been found in the design. (POW-039)
Warning: While computing leakage for instance 'xofiller!SHFILL1_RVT!x521200y217200', mismatches in operating condition settings have been found in the design. (POW-039)
Warning: While computing leakage for instance 'xofiller!SHFILL1_RVT!x215680y116880', mismatches in operating condition settings have been found in the design. (POW-039)
Warning: While computing leakage for instance 'xofiller!SHFILL1_RVT!x355520y334240', mismatches in operating condition settings have been found in the design. (POW-039)
Warning: While computing leakage for instance 'xofiller!SHFILL1_RVT!x217200y116880', mismatches in operating condition settings have been found in the design. (POW-039)
Warning: While computing leakage for instance 'xofiller!SHFILL1_RVT!x522720y217200', mismatches in operating condition settings have been found in the design. (POW-039)
Warning: While computing leakage for instance 'xofiller!SHFILL1_RVT!x357040y334240', mismatches in operating condition settings have been found in the design. (POW-039)
Warning: While computing leakage for instance 'xofiller!SHFILL1_RVT!x218720y116880', mismatches in operating condition settings have been found in the design. (POW-039)
Warning: While computing leakage for instance 'xofiller!SHFILL1_RVT!x524240y217200', mismatches in operating condition settings have been found in the design. (POW-039)
Note - message 'POW-039' limit (10) exceeded. Remainder will be suppressed.
Warning: Power table extrapolation (extrapolation mode) for port Y on cell U78 for parameter Tinp. Lowest table value = 0.016000, highest table value = 1.024000, value = 0.000076 (POW-046)
Warning: Power table extrapolation (extrapolation mode) for port CO on cell U868 for parameter Cout. Lowest table value = 0.000100, highest table value = 0.008000, value = 0.000000 (POW-046)
Warning: Power table extrapolation (extrapolation mode) for port CO on cell U870 for parameter Cout. Lowest table value = 0.000100, highest table value = 0.008000, value = 0.000000 (POW-046)
Warning: Power table extrapolation (extrapolation mode) for port CO on cell U875 for parameter Cout. Lowest table value = 0.000100, highest table value = 0.008000, value = 0.000000 (POW-046)
Warning: Power table extrapolation (extrapolation mode) for port CO on cell U877 for parameter Cout. Lowest table value = 0.000100, highest table value = 0.008000, value = 0.000000 (POW-046)
Warning: Power table extrapolation (extrapolation mode) for port CO on cell U883 for parameter Cout. Lowest table value = 0.000100, highest table value = 0.008000, value = 0.000000 (POW-046)
Warning: Power table extrapolation (extrapolation mode) for port A1 on cell U164 for parameter Tinp. Lowest table value = 0.016000, highest table value = 1.024000, value = 0.000076 (POW-046)
Warning: Power table extrapolation (extrapolation mode) for port Y on cell U164 for parameter Tinp. Lowest table value = 0.016000, highest table value = 1.024000, value = 0.000076 (POW-046)
Warning: Power table extrapolation (extrapolation mode) for port CO on cell U167 for parameter Cout. Lowest table value = 0.000100, highest table value = 0.008000, value = 0.000000 (POW-046)
Warning: Power table extrapolation (extrapolation mode) for port CO on cell U170 for parameter Cout. Lowest table value = 0.000100, highest table value = 0.008000, value = 0.000000 (POW-046)
Note - message 'POW-046' limit (10) exceeded. Remainder will be suppressed.

  Cell Internal Power    = 7.17e+07 pW ( 77.9%)
  Net Switching Power    = 2.04e+07 pW ( 22.1%)
Total Dynamic Power      = 9.21e+07 pW (100.0%)

Cell Leakage Power       = 6.43e+07 pW


  Attributes
  ----------
      u  -  User defined power group
      i  -  Includes clock pin internal power

Power Group         Internal Power        Switching Power          Leakage Power            Total Power    (   %  )    Attrs
-----------------------------------------------------------------------------------------------------------------------------
io_pad                    0.00e+00               0.00e+00               0.00e+00               0.00e+00    (  0.0%)         
memory                    0.00e+00               0.00e+00               0.00e+00               0.00e+00    (  0.0%)         
black_box                 0.00e+00               0.00e+00               0.00e+00               0.00e+00    (  0.0%)         
clock_network             2.39e+07               0.00e+00               0.00e+00               2.39e+07    ( 15.3%)        i
register                  5.91e+06               8.76e+05               1.25e+07               1.93e+07    ( 12.3%)         
sequential                0.00e+00               0.00e+00               0.00e+00               0.00e+00    (  0.0%)         
combinational             4.19e+07               1.95e+07               5.18e+07               1.13e+08    ( 72.4%)         
-----------------------------------------------------------------------------------------------------------------------------
Total                     7.17e+07 pW            2.04e+07 pW            6.43e+07 pW            1.56e+08 pW
1
