****************************************
Report : qor
Design : mma
Version: W-2024.09-SP1
****************************************


Scenario           'func.nom'
Timing Path Group  '**in2reg_default**'
----------------------------------------
Levels of Logic:                     13
Critical Path Length:              5.29
Critical Path Slack:               4.27
Critical Path Clk Period:         10.00
Total Negative Slack:              0.00
No. of Violating Paths:               0
Worst Hold Violation:              0.00
Total Hold Violation:              0.00
No. of Hold Violations:               0
----------------------------------------

Scenario           'func.nom'
Timing Path Group  '**reg2out_default**'
----------------------------------------
Levels of Logic:                      0
Critical Path Length:              0.38
Critical Path Slack:               7.41
Critical Path Clk Period:         10.00
Total Negative Slack:              0.00
No. of Violating Paths:               0
Worst Hold Violation:              0.00
Total Hold Violation:              0.00
No. of Hold Violations:               0
----------------------------------------

Scenario           'func.nom'
Timing Path Group  'Clock'
----------------------------------------
Levels of Logic:                      1
Critical Path Length:              0.55
Critical Path Slack:               8.97
Critical Path Clk Period:         10.00
Total Negative Slack:              0.00
No. of Violating Paths:               0
Worst Hold Violation:              0.00
Total Hold Violation:              0.00
No. of Hold Violations:               0
----------------------------------------


Cell Count
----------------------------------------
Hierarchical Cell Count:              0
Hierarchical Port Count:              0
Leaf Cell Count:                   1099
Buf/Inv Cell Count:                  88
Buf Cell Count:                       6
Inv Cell Count:                      82
Combinational Cell Count:          1026
   Single-bit Isolation Cell Count:                        0
   Multi-bit Isolation Cell Count:                         0
   Isolation Cell Banking Ratio:                           0.00%
   Single-bit Level Shifter Cell Count:                    0
   Multi-bit Level Shifter Cell Count:                     0
   Level Shifter Cell Banking Ratio:                       0.00%
   Single-bit ELS Cell Count:                              0
   Multi-bit ELS Cell Count:                               0
   ELS Cell Banking Ratio:                                 0.00%
Sequential Cell Count:               73
   Integrated Clock-Gating Cell Count:                     0
   Sequential Macro Cell Count:                            0
   Single-bit Sequential Cell Count:                       73
   Multi-bit Sequential Cell Count:                        0
   Sequential Cell Banking Ratio:                          0.00%
   BitsPerflop:                                            1.00
Macro Count:                          0
----------------------------------------


Area
----------------------------------------
Combinational Area:             3177.56
Noncombinational Area:           521.00
Buf/Inv Area:                    119.45
Total Buffer Area:                15.25
Total Inverter Area:             104.20
Macro/Black Box Area:              0.00
Net Area:                             0
Net XLength:                    9724.53
Net YLength:                   11245.78
----------------------------------------
Cell Area (netlist):                           3698.56
Cell Area (netlist and physical only):         5234.60
Net Length:                    20970.31


Design Rules
----------------------------------------
Total Number of Nets:              1455
Nets with Violations:                 0
Max Trans Violations:                 0
Max Cap Violations:                   0
----------------------------------------

1
