 
****************************************
Report : area
Design : mma
Version: W-2024.09-SP1
****************************************

Information: Updating design information... (UID-85)
Library(s) Used:

    saed32rvt_tt0p85v25c (File: /MMA/ref/lib/stdcell_rvt/saed32rvt_tt0p85v25c.db)

Number of ports:                          148
Number of nets:                          1569
Number of cells:                         1215
Number of combinational cells:           1069
Number of sequential cells:                73
Number of macros/black boxes:               0
Number of buf/inv:                         86
Number of references:                      13

Combinational area:               3202.468519
Buf/Inv area:                      112.331649
Noncombinational area:             519.470345
Macro/Black Box area:                0.000000
Net Interconnect area:             772.433703

Total cell area:                  3721.938864
Total area:                       4494.372567

Hierarchical area distribution
------------------------------

                                  Global cell area          Local cell area
                                  ------------------  ---------------------------- 
Hierarchical cell                 Absolute   Percent  Combi-     Noncombi-  Black-
                                  Total      Total    national   national   boxes   Design
--------------------------------  ---------  -------  ---------  ---------  ------  ---------
mma                               3721.9389    100.0  3202.4685   519.4703  0.0000  mma
--------------------------------  ---------  -------  ---------  ---------  ------  ---------
Total                                                 3202.4685   519.4703  0.0000

1
