 
****************************************
Report : power
        -hier
        -analysis_effort low
Design : mma
Version: W-2024.09-SP1
****************************************


Library(s) Used:

    saed32rvt_tt0p85v25c (File: /MMA/ref/lib/stdcell_rvt/saed32rvt_tt0p85v25c.db)


Operating Conditions: tt0p85v25c   Library: saed32rvt_tt0p85v25c
Wire Load Model Mode: enclosed

Design        Wire Load Model            Library
------------------------------------------------
mma                    8000              saed32rvt_tt0p85v25c


Global Operating Voltage = 0.85 
Power-specific unit information :
    Voltage Units = 1V
    Capacitance Units = 1.000000ff
    Time Units = 1ns
    Dynamic Power Units = 1uW    (derived from V,C,T units)
    Leakage Power Units = 1pW


--------------------------------------------------------------------------------
                                       Switch   Int      Leak     Total
Hierarchy                              Power    Power    Power    Power    %
--------------------------------------------------------------------------------
mma                                      18.302  109.002 8.32e+07  210.540 100.0
1
