 
****************************************
Report : qor
Design : mma
Version: W-2024.09-SP1
****************************************


  Timing Path Group 'Clock'
  -----------------------------------
  Levels of Logic:              15.00
  Critical Path Length:          2.00
  Critical Path Slack:           5.69
  Critical Path Clk Period:     10.00
  Total Negative Slack:          0.00
  No. of Violating Paths:        0.00
  Worst Hold Violation:          0.00
  Total Hold Violation:          0.00
  No. of Hold Violations:        0.00
  -----------------------------------


  Cell Count
  -----------------------------------
  Hierarchical Cell Count:          0
  Hierarchical Port Count:          0
  Leaf Cell Count:               1142
  Buf/Inv Cell Count:              86
  Buf Cell Count:                   4
  Inv Cell Count:                  82
  CT Buf/Inv Cell Count:            0
  Combinational Cell Count:      1069
  Sequential Cell Count:           73
  Macro Count:                      0
  -----------------------------------


  Area
  -----------------------------------
  Combinational Area:     3202.468519
  Noncombinational Area:   519.470345
  Buf/Inv Area:            112.331649
  Total Buffer Area:             8.13
  Total Inverter Area:         104.20
  Macro/Black Box Area:      0.000000
  Net Area:                772.433703
  -----------------------------------
  Cell Area:              3721.938864
  Design Area:            4494.372567


  Design Rules
  -----------------------------------
  Total Number of Nets:          1569
  Nets With Violations:             0
  Max Trans Violations:             0
  Max Cap Violations:               0
  -----------------------------------


  Hostname: inhydmupc1511-l

  Compile CPU Statistics
  -----------------------------------------
  Resource Sharing:                    0.00
  Logic Optimization:                  0.02
  Mapping Optimization:                0.32
  -----------------------------------------
  Overall Compile Time:                1.17
  Overall Compile Wall Clock Time:     1.04

  --------------------------------------------------------------------

  Design  WNS: 0.00  TNS: 0.00  Number of Violating Paths: 0


  Design (Hold)  WNS: 0.00  TNS: 0.00  Number of Violating Paths: 0

  --------------------------------------------------------------------


1
